// Jest Snapshot v1, https://goo.gl/fbAQLP

exports[`FormField renders the label and input correctly 1`] = `
<div>
  <div
    class="flex w-full flex-col gap-1.5"
  >
    <label
      class="text-sm leading-none peer-disabled:cursor-not-allowed peer-disabled:opacity-70 font-bold"
      for=":r0:-username"
    >
      Username
    </label>
    <span
      class="flex items-center"
    >
      <input
        class="flex h-10 w-full rounded-md border border-input bg-input px-3 py-2 ring-offset-background placeholder:text-muted-foreground focus-visible:outline-none focus-visible:ring-2 focus-visible:ring-ring focus-visible:ring-offset-2 disabled:cursor-not-allowed disabled:opacity-50"
        id=":r0:-username"
        name="username"
      />
    </span>
    <div
      class="flex min-h-[18px] items-start"
    />
  </div>
</div>
`;
